@1++++++++++++++++++++++++++++++++++++++++++++++++++++++++++++++
@2
@3 COMMAND-LINE:
@4
@5    ./bfs rings.g c1 
@6
@7++++++++++++++++++++++++++++++++++++++++++++++++++++++++++++
@ a1 : dist=2 ; npaths=0
@ a2 : dist=3 ; npaths=0
@ a3 : dist=4 ; npaths=0
@ a4 : dist=5 ; npaths=0
@ b1 : dist=1 ; npaths=0
@ b2 : dist=2 ; npaths=0
@ b3 : dist=3 ; npaths=0
@ b4 : dist=4 ; npaths=0
@ c1 : dist=0 ; npaths=0
@ c2 : dist=1 ; npaths=0
@ c3 : dist=2 ; npaths=0
@ c4 : dist=3 ; npaths=0
