@1++++++++++++++++++++++++++++++++++++++++++++++++++++++++++++++
@2
@3 COMMAND-LINE:
@4
@5    ./epaths ladder10.g a8 
@6
@7++++++++++++++++++++++++++++++++++++++++++++++++++++++++++++
