@1++++++++++++++++++++++++++++++++++++++++++++++++++++++++++++++
@2
@3 COMMAND-LINE:
@4
@5    ./epaths chain10.g v7 
@6
@7++++++++++++++++++++++++++++++++++++++++++++++++++++++++++++
