@1++++++++++++++++++++++++++++++++++++++++++++++++++++++++++++++
@2
@3 COMMAND-LINE:
@4
@5    ./epaths aladder.g b5 
@6
@7++++++++++++++++++++++++++++++++++++++++++++++++++++++++++++
