@1++++++++++++++++++++++++++++++++++++++++++++++++++++++++++++++
@2
@3 COMMAND-LINE:
@4
@5    ./epaths ladder20.g a7 
@6
@7++++++++++++++++++++++++++++++++++++++++++++++++++++++++++++
