@1++++++++++++++++++++++++++++++++++++++++++++++++++++++++++++++
@2
@3 COMMAND-LINE:
@4
@5    ./epaths chain20.g v6 
@6
@7++++++++++++++++++++++++++++++++++++++++++++++++++++++++++++
