@1++++++++++++++++++++++++++++++++++++++++++++++++++++++++++++++
@2
@3 COMMAND-LINE:
@4
@5    ./dfs chain20.g v5 
@6
@7++++++++++++++++++++++++++++++++++++++++++++++++++++++++++++
@ v2
@     PATH: <>
@ v18
@     PATH: <>
@ v3
@     PATH: <>
@ v4
@     PATH: <>
@ v5
@     PATH: <>
@ v7
@     PATH: <>
@ v11
@     PATH: <>
@ v19
@     PATH: <>
@ v6
@     PATH: <>
@ v8
@     PATH: <>
@ v12
@     PATH: <>
@ v20
@     PATH: <>
@ v9
@     PATH: <>
@ v13
@     PATH: <>
@ v1
@     PATH: <>
@ v17
@     PATH: <>
@ v10
@     PATH: <>
@ v14
@     PATH: <>
@ v15
@     PATH: <>
@ v16
@     PATH: <>
