@1++++++++++++++++++++++++++++++++++++++++++++++++++++++++++++++
@2
@3 COMMAND-LINE:
@4
@5    ./dfs rings.g c1 
@6
@7++++++++++++++++++++++++++++++++++++++++++++++++++++++++++++
@ a1
@     PATH: <>
@ a2
@     PATH: <>
@ a3
@     PATH: <>
@ a4
@     PATH: <>
@ b1
@     PATH: <>
@ b2
@     PATH: <>
@ b3
@     PATH: <>
@ b4
@     PATH: <>
@ c1
@     PATH: <>
@ c2
@     PATH: <>
@ c3
@     PATH: <>
@ c4
@     PATH: <>
