@1++++++++++++++++++++++++++++++++++++++++++++++++++++++++++++++
@2
@3 COMMAND-LINE:
@4
@5    ./dfs torus6x6.g v3_4 
@6
@7++++++++++++++++++++++++++++++++++++++++++++++++++++++++++++
@ v0_0
@     PATH: <>
@ v5_0
@     PATH: <>
@ v1_0
@     PATH: <>
@ v0_1
@     PATH: <>
@ v0_5
@     PATH: <>
@ v5_1
@     PATH: <>
@ v1_1
@     PATH: <>
@ v0_2
@     PATH: <>
@ v5_2
@     PATH: <>
@ v1_2
@     PATH: <>
@ v0_3
@     PATH: <>
@ v5_3
@     PATH: <>
@ v1_3
@     PATH: <>
@ v0_4
@     PATH: <>
@ v5_4
@     PATH: <>
@ v1_4
@     PATH: <>
@ v5_5
@     PATH: <>
@ v1_5
@     PATH: <>
@ v2_0
@     PATH: <>
@ v2_1
@     PATH: <>
@ v2_2
@     PATH: <>
@ v2_3
@     PATH: <>
@ v2_4
@     PATH: <>
@ v2_5
@     PATH: <>
@ v3_0
@     PATH: <>
@ v3_1
@     PATH: <>
@ v3_2
@     PATH: <>
@ v3_3
@     PATH: <>
@ v3_4
@     PATH: <>
@ v3_5
@     PATH: <>
@ v4_0
@     PATH: <>
@ v4_1
@     PATH: <>
@ v4_2
@     PATH: <>
@ v4_3
@     PATH: <>
@ v4_4
@     PATH: <>
@ v4_5
@     PATH: <>
